<?xml version="1.0" encoding="utf-16"?>
<StackPanel xmlns:c="clr-namespace:ColorTextBlock.Avalonia;assembly=ColorTextBlock.Avalonia" xmlns:m="https://github.com/whistyun/Markdown.Avalonia.Tight" xmlns:ma="clr-namespace:Markdown.Avalonia.Controls;assembly=Markdown.Avalonia" xmlns:x="http://schemas.microsoft.com/winfx/2006/xaml" xmlns="https://github.com/avaloniaui">
  <c:CTextBlock Classes="Paragraph">
    <c:CRun Text="An " />
    <c:CCode Classes="CodeSpan">
      <c:CRun Text="apple " />
    </c:CCode>
    <c:CRun Text=" is an editable fruit produced by an " />
    <c:CCode Classes="CodeSpan">
      <c:CRun Text="apple tree " />
    </c:CCode>
    <c:CRun Text="." />
  </c:CTextBlock>
  <ma:Rule BoldLineWidth="2" Classes="Single,RuleSingle" />
  <c:CTextBlock>
    <c:CCode Classes="CodeSpan">
      <c:CRun Text="Apple trees " />
    </c:CCode>
    <c:CRun Text=" are caltivated wordwide." />
  </c:CTextBlock>
</StackPanel>
