<?xml version="1.0" encoding="utf-16"?>
<StackPanel xmlns:c="clr-namespace:ColorTextBlock.Avalonia;assembly=ColorTextBlock.Avalonia" xmlns:x="http://schemas.microsoft.com/winfx/2006/xaml" xmlns="https://github.com/avaloniaui">
  <Border Classes="Table" xmlns="">
    <Border.Child>
      <Grid Classes="Table">
        <Border Classes="OddTableRow" Grid.Column="0" Grid.Row="0" Grid.ColumnSpan="1" Grid.RowSpan="6">
          <Border.Child>
            <c:CTextBlock>
              <c:CRun Text="alpha" />
            </c:CTextBlock>
          </Border.Child>
        </Border>
        <Border Classes="OddTableRow" Grid.Column="1" Grid.Row="0" Grid.ColumnSpan="1" Grid.RowSpan="5">
          <Border.Child>
            <c:CTextBlock>
              <c:CRun Text="beta" />
            </c:CTextBlock>
          </Border.Child>
        </Border>
        <Border Classes="OddTableRow" Grid.Column="2" Grid.Row="0" Grid.ColumnSpan="1" Grid.RowSpan="4">
          <Border.Child>
            <c:CTextBlock>
              <c:CRun Text="gamma" />
            </c:CTextBlock>
          </Border.Child>
        </Border>
        <Border Grid.Column="3" Grid.Row="0" Grid.ColumnSpan="1" Grid.RowSpan="1" />
        <Border Classes="EvenTableRow" Grid.Column="3" Grid.Row="1" Grid.ColumnSpan="1" Grid.RowSpan="1">
          <Border.Child>
            <c:CTextBlock>
              <c:CRun Text="1" />
            </c:CTextBlock>
          </Border.Child>
        </Border>
        <Border Classes="OddTableRow" Grid.Column="3" Grid.Row="2" Grid.ColumnSpan="1" Grid.RowSpan="1">
          <Border.Child>
            <c:CTextBlock>
              <c:CRun Text="2" />
            </c:CTextBlock>
          </Border.Child>
        </Border>
        <Border Classes="EvenTableRow" Grid.Column="3" Grid.Row="3" Grid.ColumnSpan="1" Grid.RowSpan="1">
          <Border.Child>
            <c:CTextBlock>
              <c:CRun Text="3" />
            </c:CTextBlock>
          </Border.Child>
        </Border>
        <Border Grid.Column="2" Grid.Row="4" Grid.ColumnSpan="1" Grid.RowSpan="1" />
        <Border Grid.Column="3" Grid.Row="4" Grid.ColumnSpan="1" Grid.RowSpan="1" />
        <Border Grid.Column="1" Grid.Row="5" Grid.ColumnSpan="1" Grid.RowSpan="1" />
        <Border Grid.Column="2" Grid.Row="5" Grid.ColumnSpan="1" Grid.RowSpan="1" />
        <Border Grid.Column="3" Grid.Row="5" Grid.ColumnSpan="1" Grid.RowSpan="1" />
        <Grid.ColumnDefinitions>
          <ColumnDefinition />
          <ColumnDefinition />
          <ColumnDefinition />
          <ColumnDefinition />
        </Grid.ColumnDefinitions>
        <Grid.RowDefinitions>
          <RowDefinition />
          <RowDefinition />
          <RowDefinition />
          <RowDefinition />
          <RowDefinition />
          <RowDefinition />
        </Grid.RowDefinitions>
      </Grid>
    </Border.Child>
  </Border>
  <Border Classes="Table" xmlns="">
    <Border.Child>
      <Grid Classes="Table">
        <Border Classes="OddTableRow" Grid.Column="0" Grid.Row="0" Grid.ColumnSpan="1" Grid.RowSpan="6">
          <Border.Child>
            <c:CTextBlock>
              <c:CRun Text="alpha" />
            </c:CTextBlock>
          </Border.Child>
        </Border>
        <Border Classes="OddTableRow" Grid.Column="1" Grid.Row="0" Grid.ColumnSpan="1" Grid.RowSpan="5">
          <Border.Child>
            <c:CTextBlock>
              <c:CRun Text="beta" />
            </c:CTextBlock>
          </Border.Child>
        </Border>
        <Border Classes="OddTableRow" Grid.Column="2" Grid.Row="0" Grid.ColumnSpan="1" Grid.RowSpan="4">
          <Border.Child>
            <c:CTextBlock>
              <c:CRun Text="gamma" />
            </c:CTextBlock>
          </Border.Child>
        </Border>
        <Border Grid.Column="3" Grid.Row="0" Grid.ColumnSpan="1" Grid.RowSpan="1" />
        <Border Classes="EvenTableRow" Grid.Column="3" Grid.Row="1" Grid.ColumnSpan="1" Grid.RowSpan="1">
          <Border.Child>
            <c:CTextBlock>
              <c:CRun Text="1" />
            </c:CTextBlock>
          </Border.Child>
        </Border>
        <Border Classes="OddTableRow" Grid.Column="3" Grid.Row="2" Grid.ColumnSpan="1" Grid.RowSpan="1">
          <Border.Child>
            <c:CTextBlock>
              <c:CRun Text="2" />
            </c:CTextBlock>
          </Border.Child>
        </Border>
        <Border Classes="EvenTableRow" Grid.Column="3" Grid.Row="3" Grid.ColumnSpan="1" Grid.RowSpan="1">
          <Border.Child>
            <c:CTextBlock>
              <c:CRun Text="3" />
            </c:CTextBlock>
          </Border.Child>
        </Border>
        <Border Classes="OddTableRow" Grid.Column="2" Grid.Row="4" Grid.ColumnSpan="1" Grid.RowSpan="1">
          <Border.Child>
            <c:CTextBlock>
              <c:CRun Text="4" />
            </c:CTextBlock>
          </Border.Child>
        </Border>
        <Border Grid.Column="3" Grid.Row="4" Grid.ColumnSpan="1" Grid.RowSpan="1" />
        <Border Grid.Column="1" Grid.Row="5" Grid.ColumnSpan="1" Grid.RowSpan="1" />
        <Border Grid.Column="2" Grid.Row="5" Grid.ColumnSpan="1" Grid.RowSpan="1" />
        <Border Grid.Column="3" Grid.Row="5" Grid.ColumnSpan="1" Grid.RowSpan="1" />
        <Grid.ColumnDefinitions>
          <ColumnDefinition />
          <ColumnDefinition />
          <ColumnDefinition />
          <ColumnDefinition />
        </Grid.ColumnDefinitions>
        <Grid.RowDefinitions>
          <RowDefinition />
          <RowDefinition />
          <RowDefinition />
          <RowDefinition />
          <RowDefinition />
          <RowDefinition />
        </Grid.RowDefinitions>
      </Grid>
    </Border.Child>
  </Border>
  <Border Classes="Table" xmlns="">
    <Border.Child>
      <Grid Classes="Table">
        <Border Classes="OddTableRow" Grid.Column="0" Grid.Row="0" Grid.ColumnSpan="1" Grid.RowSpan="6">
          <Border.Child>
            <c:CTextBlock>
              <c:CRun Text="alpha" />
            </c:CTextBlock>
          </Border.Child>
        </Border>
        <Border Classes="OddTableRow" Grid.Column="1" Grid.Row="0" Grid.ColumnSpan="1" Grid.RowSpan="5">
          <Border.Child>
            <c:CTextBlock>
              <c:CRun Text="beta" />
            </c:CTextBlock>
          </Border.Child>
        </Border>
        <Border Classes="OddTableRow" Grid.Column="2" Grid.Row="0" Grid.ColumnSpan="1" Grid.RowSpan="4">
          <Border.Child>
            <c:CTextBlock>
              <c:CRun Text="gamma" />
            </c:CTextBlock>
          </Border.Child>
        </Border>
        <Border Grid.Column="3" Grid.Row="0" Grid.ColumnSpan="1" Grid.RowSpan="1" />
        <Border Classes="EvenTableRow" Grid.Column="3" Grid.Row="1" Grid.ColumnSpan="1" Grid.RowSpan="1">
          <Border.Child>
            <c:CTextBlock>
              <c:CRun Text="1" />
            </c:CTextBlock>
          </Border.Child>
        </Border>
        <Border Classes="OddTableRow" Grid.Column="3" Grid.Row="2" Grid.ColumnSpan="1" Grid.RowSpan="1">
          <Border.Child>
            <c:CTextBlock>
              <c:CRun Text="2" />
            </c:CTextBlock>
          </Border.Child>
        </Border>
        <Border Classes="EvenTableRow" Grid.Column="3" Grid.Row="3" Grid.ColumnSpan="1" Grid.RowSpan="1">
          <Border.Child>
            <c:CTextBlock>
              <c:CRun Text="3" />
            </c:CTextBlock>
          </Border.Child>
        </Border>
        <Border Classes="OddTableRow" Grid.Column="2" Grid.Row="4" Grid.ColumnSpan="1" Grid.RowSpan="1">
          <Border.Child>
            <c:CTextBlock>
              <c:CRun Text="4" />
            </c:CTextBlock>
          </Border.Child>
        </Border>
        <Border Grid.Column="3" Grid.Row="4" Grid.ColumnSpan="1" Grid.RowSpan="1" />
        <Border Classes="EvenTableRow" Grid.Column="1" Grid.Row="5" Grid.ColumnSpan="1" Grid.RowSpan="1">
          <Border.Child>
            <c:CTextBlock>
              <c:CRun Text="5" />
            </c:CTextBlock>
          </Border.Child>
        </Border>
        <Border Grid.Column="2" Grid.Row="5" Grid.ColumnSpan="1" Grid.RowSpan="1" />
        <Border Grid.Column="3" Grid.Row="5" Grid.ColumnSpan="1" Grid.RowSpan="1" />
        <Grid.ColumnDefinitions>
          <ColumnDefinition />
          <ColumnDefinition />
          <ColumnDefinition />
          <ColumnDefinition />
        </Grid.ColumnDefinitions>
        <Grid.RowDefinitions>
          <RowDefinition />
          <RowDefinition />
          <RowDefinition />
          <RowDefinition />
          <RowDefinition />
          <RowDefinition />
        </Grid.RowDefinitions>
      </Grid>
    </Border.Child>
  </Border>
  <Border Classes="Table" xmlns="">
    <Border.Child>
      <Grid Classes="Table">
        <Border Classes="OddTableRow" Grid.Column="0" Grid.Row="0" Grid.ColumnSpan="1" Grid.RowSpan="6">
          <Border.Child>
            <c:CTextBlock>
              <c:CRun Text="alpha" />
            </c:CTextBlock>
          </Border.Child>
        </Border>
        <Border Classes="OddTableRow" Grid.Column="1" Grid.Row="0" Grid.ColumnSpan="1" Grid.RowSpan="5">
          <Border.Child>
            <c:CTextBlock>
              <c:CRun Text="beta" />
            </c:CTextBlock>
          </Border.Child>
        </Border>
        <Border Classes="OddTableRow" Grid.Column="2" Grid.Row="0" Grid.ColumnSpan="1" Grid.RowSpan="4">
          <Border.Child>
            <c:CTextBlock>
              <c:CRun Text="gamma" />
            </c:CTextBlock>
          </Border.Child>
        </Border>
        <Border Grid.Column="3" Grid.Row="0" Grid.ColumnSpan="1" Grid.RowSpan="1" />
        <Border Classes="EvenTableRow" Grid.Column="3" Grid.Row="1" Grid.ColumnSpan="1" Grid.RowSpan="1">
          <Border.Child>
            <c:CTextBlock>
              <c:CRun Text="1" />
            </c:CTextBlock>
          </Border.Child>
        </Border>
        <Border Classes="OddTableRow" Grid.Column="3" Grid.Row="2" Grid.ColumnSpan="1" Grid.RowSpan="1">
          <Border.Child>
            <c:CTextBlock>
              <c:CRun Text="2" />
            </c:CTextBlock>
          </Border.Child>
        </Border>
        <Border Classes="EvenTableRow" Grid.Column="3" Grid.Row="3" Grid.ColumnSpan="1" Grid.RowSpan="1">
          <Border.Child>
            <c:CTextBlock>
              <c:CRun Text="3" />
            </c:CTextBlock>
          </Border.Child>
        </Border>
        <Border Classes="OddTableRow" Grid.Column="2" Grid.Row="4" Grid.ColumnSpan="1" Grid.RowSpan="1">
          <Border.Child>
            <c:CTextBlock>
              <c:CRun Text="4" />
            </c:CTextBlock>
          </Border.Child>
        </Border>
        <Border Grid.Column="3" Grid.Row="4" Grid.ColumnSpan="1" Grid.RowSpan="1" />
        <Border Classes="EvenTableRow" Grid.Column="1" Grid.Row="5" Grid.ColumnSpan="1" Grid.RowSpan="1">
          <Border.Child>
            <c:CTextBlock>
              <c:CRun Text="5" />
            </c:CTextBlock>
          </Border.Child>
        </Border>
        <Border Grid.Column="2" Grid.Row="5" Grid.ColumnSpan="1" Grid.RowSpan="1" />
        <Border Grid.Column="3" Grid.Row="5" Grid.ColumnSpan="1" Grid.RowSpan="1" />
        <Border Classes="OddTableRow" Grid.Column="0" Grid.Row="6" Grid.ColumnSpan="1" Grid.RowSpan="1">
          <Border.Child>
            <c:CTextBlock>
              <c:CRun Text="6" />
            </c:CTextBlock>
          </Border.Child>
        </Border>
        <Border Grid.Column="1" Grid.Row="6" Grid.ColumnSpan="1" Grid.RowSpan="1" />
        <Border Grid.Column="2" Grid.Row="6" Grid.ColumnSpan="1" Grid.RowSpan="1" />
        <Border Grid.Column="3" Grid.Row="6" Grid.ColumnSpan="1" Grid.RowSpan="1" />
        <Grid.ColumnDefinitions>
          <ColumnDefinition />
          <ColumnDefinition />
          <ColumnDefinition />
          <ColumnDefinition />
        </Grid.ColumnDefinitions>
        <Grid.RowDefinitions>
          <RowDefinition />
          <RowDefinition />
          <RowDefinition />
          <RowDefinition />
          <RowDefinition />
          <RowDefinition />
          <RowDefinition />
        </Grid.RowDefinitions>
      </Grid>
    </Border.Child>
  </Border>
  <Border Classes="Table" xmlns="">
    <Border.Child>
      <Grid Classes="Table">
        <Border Classes="OddTableRow" Grid.Column="0" Grid.Row="0" Grid.ColumnSpan="1" Grid.RowSpan="6">
          <Border.Child>
            <c:CTextBlock>
              <c:CRun Text="alpha" />
            </c:CTextBlock>
          </Border.Child>
        </Border>
        <Border Classes="OddTableRow" Grid.Column="1" Grid.Row="0" Grid.ColumnSpan="1" Grid.RowSpan="1">
          <Border.Child>
            <c:CTextBlock>
              <c:CRun Text="beta" />
            </c:CTextBlock>
          </Border.Child>
        </Border>
        <Border Classes="OddTableRow" Grid.Column="2" Grid.Row="0" Grid.ColumnSpan="1" Grid.RowSpan="1">
          <Border.Child>
            <c:CTextBlock>
              <c:CRun Text="gamma" />
            </c:CTextBlock>
          </Border.Child>
        </Border>
        <Border Classes="OddTableRow" Grid.Column="3" Grid.Row="0" Grid.ColumnSpan="1" Grid.RowSpan="3">
          <Border.Child>
            <c:CTextBlock>
              <c:CRun Text="delta" />
            </c:CTextBlock>
          </Border.Child>
        </Border>
        <Border Classes="OddTableRow" Grid.Column="4" Grid.Row="0" Grid.ColumnSpan="1" Grid.RowSpan="1">
          <Border.Child>
            <c:CTextBlock>
              <c:CRun Text="epsilon" />
            </c:CTextBlock>
          </Border.Child>
        </Border>
        <Border Classes="EvenTableRow" Grid.Column="1" Grid.Row="1" Grid.ColumnSpan="1" Grid.RowSpan="1">
          <Border.Child>
            <c:CTextBlock>
              <c:CRun Text="1" />
            </c:CTextBlock>
          </Border.Child>
        </Border>
        <Border Classes="EvenTableRow" Grid.Column="2" Grid.Row="1" Grid.ColumnSpan="1" Grid.RowSpan="1">
          <Border.Child>
            <c:CTextBlock>
              <c:CRun Text="2" />
            </c:CTextBlock>
          </Border.Child>
        </Border>
        <Border Grid.Column="4" Grid.Row="1" Grid.ColumnSpan="1" Grid.RowSpan="1" />
        <Border Classes="OddTableRow" Grid.Column="1" Grid.Row="2" Grid.ColumnSpan="1" Grid.RowSpan="1">
          <Border.Child>
            <c:CTextBlock>
              <c:CRun Text="3" />
            </c:CTextBlock>
          </Border.Child>
        </Border>
        <Border Classes="OddTableRow" Grid.Column="2" Grid.Row="2" Grid.ColumnSpan="1" Grid.RowSpan="1">
          <Border.Child>
            <c:CTextBlock>
              <c:CRun Text="4" />
            </c:CTextBlock>
          </Border.Child>
        </Border>
        <Border Classes="OddTableRow" Grid.Column="4" Grid.Row="2" Grid.ColumnSpan="1" Grid.RowSpan="1">
          <Border.Child>
            <c:CTextBlock>
              <c:CRun Text="5" />
            </c:CTextBlock>
          </Border.Child>
        </Border>
        <Border Classes="EvenTableRow" Grid.Column="1" Grid.Row="3" Grid.ColumnSpan="1" Grid.RowSpan="1">
          <Border.Child>
            <c:CTextBlock>
              <c:CRun Text="4" />
            </c:CTextBlock>
          </Border.Child>
        </Border>
        <Border Grid.Column="2" Grid.Row="3" Grid.ColumnSpan="1" Grid.RowSpan="1" />
        <Border Grid.Column="3" Grid.Row="3" Grid.ColumnSpan="1" Grid.RowSpan="1" />
        <Border Grid.Column="4" Grid.Row="3" Grid.ColumnSpan="1" Grid.RowSpan="1" />
        <Border Grid.Column="1" Grid.Row="4" Grid.ColumnSpan="1" Grid.RowSpan="1" />
        <Border Grid.Column="2" Grid.Row="4" Grid.ColumnSpan="1" Grid.RowSpan="1" />
        <Border Grid.Column="3" Grid.Row="4" Grid.ColumnSpan="1" Grid.RowSpan="1" />
        <Border Grid.Column="4" Grid.Row="4" Grid.ColumnSpan="1" Grid.RowSpan="1" />
        <Border Grid.Column="1" Grid.Row="5" Grid.ColumnSpan="1" Grid.RowSpan="1" />
        <Border Grid.Column="2" Grid.Row="5" Grid.ColumnSpan="1" Grid.RowSpan="1" />
        <Border Grid.Column="3" Grid.Row="5" Grid.ColumnSpan="1" Grid.RowSpan="1" />
        <Border Grid.Column="4" Grid.Row="5" Grid.ColumnSpan="1" Grid.RowSpan="1" />
        <Grid.ColumnDefinitions>
          <ColumnDefinition />
          <ColumnDefinition />
          <ColumnDefinition />
          <ColumnDefinition />
          <ColumnDefinition />
        </Grid.ColumnDefinitions>
        <Grid.RowDefinitions>
          <RowDefinition />
          <RowDefinition />
          <RowDefinition />
          <RowDefinition />
          <RowDefinition />
          <RowDefinition />
        </Grid.RowDefinitions>
      </Grid>
    </Border.Child>
  </Border>
  <Border Classes="Table" xmlns="">
    <Border.Child>
      <Grid Classes="Table">
        <Border Classes="OddTableRow" Grid.Column="0" Grid.Row="0" Grid.ColumnSpan="1" Grid.RowSpan="6">
          <Border.Child>
            <c:CTextBlock>
              <c:CRun Text="alpha" />
            </c:CTextBlock>
          </Border.Child>
        </Border>
        <Border Classes="OddTableRow" Grid.Column="1" Grid.Row="0" Grid.ColumnSpan="1" Grid.RowSpan="1">
          <Border.Child>
            <c:CTextBlock>
              <c:CRun Text="beta" />
            </c:CTextBlock>
          </Border.Child>
        </Border>
        <Border Classes="OddTableRow" Grid.Column="2" Grid.Row="0" Grid.ColumnSpan="1" Grid.RowSpan="1">
          <Border.Child>
            <c:CTextBlock>
              <c:CRun Text="gamma" />
            </c:CTextBlock>
          </Border.Child>
        </Border>
        <Border Classes="OddTableRow" Grid.Column="3" Grid.Row="0" Grid.ColumnSpan="1" Grid.RowSpan="1">
          <Border.Child>
            <c:CTextBlock>
              <c:CRun Text="delta" />
            </c:CTextBlock>
          </Border.Child>
        </Border>
        <Border Classes="OddTableRow" Grid.Column="4" Grid.Row="0" Grid.ColumnSpan="1" Grid.RowSpan="1">
          <Border.Child>
            <c:CTextBlock>
              <c:CRun Text="epsilon" />
            </c:CTextBlock>
          </Border.Child>
        </Border>
        <Border Classes="EvenTableRow" Grid.Column="1" Grid.Row="1" Grid.ColumnSpan="1" Grid.RowSpan="1">
          <Border.Child>
            <c:CTextBlock>
              <c:CRun Text="1" />
            </c:CTextBlock>
          </Border.Child>
        </Border>
        <Border Classes="EvenTableRow" Grid.Column="2" Grid.Row="1" Grid.ColumnSpan="1" Grid.RowSpan="1">
          <Border.Child>
            <c:CTextBlock>
              <c:CRun Text="2" />
            </c:CTextBlock>
          </Border.Child>
        </Border>
        <Border Classes="EvenTableRow" Grid.Column="3" Grid.Row="1" Grid.ColumnSpan="1" Grid.RowSpan="3">
          <Border.Child>
            <c:CTextBlock>
              <c:CRun Text="D" />
            </c:CTextBlock>
          </Border.Child>
        </Border>
        <Border Grid.Column="4" Grid.Row="1" Grid.ColumnSpan="1" Grid.RowSpan="1" />
        <Border Classes="OddTableRow" Grid.Column="1" Grid.Row="2" Grid.ColumnSpan="1" Grid.RowSpan="1">
          <Border.Child>
            <c:CTextBlock>
              <c:CRun Text="3" />
            </c:CTextBlock>
          </Border.Child>
        </Border>
        <Border Classes="OddTableRow" Grid.Column="2" Grid.Row="2" Grid.ColumnSpan="1" Grid.RowSpan="1">
          <Border.Child>
            <c:CTextBlock>
              <c:CRun Text="4" />
            </c:CTextBlock>
          </Border.Child>
        </Border>
        <Border Classes="OddTableRow" Grid.Column="4" Grid.Row="2" Grid.ColumnSpan="1" Grid.RowSpan="1">
          <Border.Child>
            <c:CTextBlock>
              <c:CRun Text="5" />
            </c:CTextBlock>
          </Border.Child>
        </Border>
        <Border Classes="EvenTableRow" Grid.Column="1" Grid.Row="3" Grid.ColumnSpan="1" Grid.RowSpan="1">
          <Border.Child>
            <c:CTextBlock>
              <c:CRun Text="4" />
            </c:CTextBlock>
          </Border.Child>
        </Border>
        <Border Grid.Column="3" Grid.Row="3" Grid.ColumnSpan="1" Grid.RowSpan="1" />
        <Border Grid.Column="4" Grid.Row="3" Grid.ColumnSpan="1" Grid.RowSpan="1" />
        <Border Grid.Column="1" Grid.Row="4" Grid.ColumnSpan="1" Grid.RowSpan="1" />
        <Border Grid.Column="2" Grid.Row="4" Grid.ColumnSpan="1" Grid.RowSpan="1" />
        <Border Grid.Column="3" Grid.Row="4" Grid.ColumnSpan="1" Grid.RowSpan="1" />
        <Border Grid.Column="4" Grid.Row="4" Grid.ColumnSpan="1" Grid.RowSpan="1" />
        <Border Grid.Column="1" Grid.Row="5" Grid.ColumnSpan="1" Grid.RowSpan="1" />
        <Border Grid.Column="2" Grid.Row="5" Grid.ColumnSpan="1" Grid.RowSpan="1" />
        <Border Grid.Column="3" Grid.Row="5" Grid.ColumnSpan="1" Grid.RowSpan="1" />
        <Border Grid.Column="4" Grid.Row="5" Grid.ColumnSpan="1" Grid.RowSpan="1" />
        <Grid.ColumnDefinitions>
          <ColumnDefinition />
          <ColumnDefinition />
          <ColumnDefinition />
          <ColumnDefinition />
          <ColumnDefinition />
        </Grid.ColumnDefinitions>
        <Grid.RowDefinitions>
          <RowDefinition />
          <RowDefinition />
          <RowDefinition />
          <RowDefinition />
          <RowDefinition />
          <RowDefinition />
        </Grid.RowDefinitions>
      </Grid>
    </Border.Child>
  </Border>
</StackPanel>
