<?xml version="1.0" encoding="utf-16"?>
<StackPanel xmlns:a="https://github.com/avaloniaui/avaloniaedit" xmlns:x="http://schemas.microsoft.com/winfx/2006/xaml" xmlns="https://github.com/avaloniaui">
  <Border Classes="CodeBlock" xmlns="">
    <Border.Child>
      <a:TextEditor IsReadOnly="True" IsModified="True" Text="plain text&#xA;Sub Test()&#xA;    Dim A As Long&#xA;    Dim B As Integer&#xA;End Sub&#xA;" SelectedText="" CaretOffset="0" SelectionStart="0" SelectionLength="0" />
    </Border.Child>
  </Border>
  <Border Classes="CodeBlock" xmlns="">
    <Border.Child>
      <a:TextEditor IsReadOnly="True" IsModified="True" Tag="java" Text="import java.lang.*;&#xA;public class Program {&#xA;    public static void main(String[] args) {&#xA;        System.out.println(&quot;Hello&quot;);&#xA;    }    &#xA;}&#xA;" SelectedText="" CaretOffset="0" SelectionStart="0" SelectionLength="0" />
    </Border.Child>
  </Border>
  <Border Classes="CodeBlock" xmlns="">
    <Border.Child>
      <a:TextEditor IsReadOnly="True" IsModified="True" Text="NEMUI&#xA;ONAKASUITA&#xA;SHINDOI&#xA;" SelectedText="" CaretOffset="0" SelectionStart="0" SelectionLength="0" />
    </Border.Child>
  </Border>
</StackPanel>
