<?xml version="1.0" encoding="utf-16"?>
<StackPanel xmlns:c="clr-namespace:ColorTextBlock.Avalonia;assembly=ColorTextBlock.Avalonia" xmlns:m="https://github.com/whistyun/Markdown.Avalonia.Tight" xmlns:ma="clr-namespace:Markdown.Avalonia.Controls;assembly=Markdown.Avalonia" xmlns:x="http://schemas.microsoft.com/winfx/2006/xaml" xmlns="https://github.com/avaloniaui">
  <c:CTextBlock>
    <c:CInlineUIContainer>
      <c:CInlineUIContainer.Content>
        <ProgressBar Minimum="10" Maximum="60" Value="25" Width="50" Height="12" Classes=":horizontal" xmlns="" />
      </c:CInlineUIContainer.Content>
    </c:CInlineUIContainer>
  </c:CTextBlock>
  <ma:Rule BoldLineWidth="2" Classes="Single,RuleSingle" />
  <c:CTextBlock>
    <c:CInlineUIContainer>
      <c:CInlineUIContainer.Content>
        <ProgressBar Minimum="100" Maximum="200" Value="100" Width="50" Height="12" Classes=":horizontal" xmlns="" />
      </c:CInlineUIContainer.Content>
    </c:CInlineUIContainer>
  </c:CTextBlock>
  <ma:Rule BoldLineWidth="2" Classes="Single,RuleSingle" />
  <c:CTextBlock>
    <c:CInlineUIContainer>
      <c:CInlineUIContainer.Content>
        <ProgressBar Minimum="10" Maximum="60" Value="25" Width="50" Height="12" Classes=":horizontal" xmlns="" />
      </c:CInlineUIContainer.Content>
    </c:CInlineUIContainer>
  </c:CTextBlock>
  <ma:Rule BoldLineWidth="2" Classes="Single,RuleSingle" />
  <c:CTextBlock>
    <c:CInlineUIContainer>
      <c:CInlineUIContainer.Content>
        <ProgressBar Minimum="100" Maximum="200" Value="100" Width="50" Height="12" Classes=":horizontal" xmlns="" />
      </c:CInlineUIContainer.Content>
    </c:CInlineUIContainer>
  </c:CTextBlock>
  <ma:Rule BoldLineWidth="2" Classes="Single,RuleSingle" />
</StackPanel>
