<?xml version="1.0" encoding="utf-16"?>
<StackPanel xmlns:c="clr-namespace:ColorTextBlock.Avalonia;assembly=ColorTextBlock.Avalonia" xmlns:x="http://schemas.microsoft.com/winfx/2006/xaml" xmlns="https://github.com/avaloniaui">
  <c:CTextBlock>
    <c:CInlineUIContainer>
      <c:CInlineUIContainer.Content>
        <Button IsEnabled="False" Classes=":disabled" xmlns="">
          <Button.Content>
            <StackPanel />
          </Button.Content>
        </Button>
      </c:CInlineUIContainer.Content>
    </c:CInlineUIContainer>
    <c:CRun Text=" " />
    <c:CInlineUIContainer>
      <c:CInlineUIContainer.Content>
        <Button IsEnabled="False" Classes=":disabled" xmlns="">
          <Button.Content>
            <StackPanel />
          </Button.Content>
        </Button>
      </c:CInlineUIContainer.Content>
    </c:CInlineUIContainer>
    <c:CRun Text=" " />
    <c:CInlineUIContainer>
      <c:CInlineUIContainer.Content>
        <Button IsEnabled="False" Classes=":disabled" xmlns="">
          <Button.Content>
            <StackPanel>
              <c:CTextBlock>
                <c:CRun Text="some text" />
              </c:CTextBlock>
            </StackPanel>
          </Button.Content>
        </Button>
      </c:CInlineUIContainer.Content>
    </c:CInlineUIContainer>
    <c:CRun Text=" " />
    <c:CInlineUIContainer>
      <c:CInlineUIContainer.Content>
        <Button IsEnabled="False" Classes=":disabled" xmlns="">
          <Button.Content>
            <StackPanel>
              <Border Classes="Center">
                <Border.Child>
                  <StackPanel Classes="Center">
                    <c:CTextBlock Classes="Heading1">
                      <c:CRun Text="title" />
                    </c:CTextBlock>
                  </StackPanel>
                </Border.Child>
              </Border>
              <c:CTextBlock>
                <c:CRun Text="description1 description2" />
              </c:CTextBlock>
            </StackPanel>
          </Button.Content>
        </Button>
      </c:CInlineUIContainer.Content>
    </c:CInlineUIContainer>
  </c:CTextBlock>
</StackPanel>
